// Jest Snapshot v1, https://goo.gl/fbAQLP

exports[`Test <LoginScreen /> should render correctly 1`] = `
<div
  className="position-absolute top-50 start-50 translate-middle"
>
  <img
    alt=""
    className="container  w-auto h-auto opacity-50 "
    src="https://wallpapertag.com/wallpaper/full/1/1/1/549111-marvel-vs-dc-wallpaper-1929x1200-for-android-50.jpg"
  />
  <div
    className="img-overlay text-dark text-center position-absolute top-50 start-50 translate-middle"
  >
    <h1>
      Enter to the World of Heroes
    </h1>
    <hr />
    <button
      className="btn btn-transparent btn-lg"
      onClick={[Function]}
    >
      Click Me
    </button>
  </div>
  <footer
    className="text-center text-white bg-dark"
  >
    MIT 
    <span
      className="material-icons-outlined"
    >
      copyright
    </span>
  </footer>
</div>
`;
