// Jest Snapshot v1, https://goo.gl/fbAQLP

exports[`testing <Navbar /> should display correctly 1`] = `
<nav
  className="navbar navbar-expand-sm navbar-dark bg-dark container-fluid"
>
  <a
    className="navbar-brand"
    href="/"
    onClick={[Function]}
  >
    <img
      alt=""
      className="d-flex b"
      height="24"
      src="https://th.bing.com/th/id/OIP.JWMbxW3YwUjNX7Q13lsl6AHaE8?pid=ImgDet&rs=1"
      width="30"
    />
  </a>
  <div
    className="navbar-collapse"
  >
    <div
      className="navbar-nav"
    >
      <a
        className="nav-item nav-link "
        href="/marvel"
        onClick={[Function]}
      >
        <img
          alt=""
          height="24"
          src="https://assets.cdn.moviepilot.de/files/5e6dfbca611668e018c9d231c2bb2caddae173fbf31578a4929c07072f12/fill/1440/691/marvel+logo.jpg"
          width="30"
        />
      </a>
      <a
        className="nav-item nav-link "
        href="/dc"
        onClick={[Function]}
      >
        <img
          alt=""
          height="24"
          src="https://th.bing.com/th/id/R.937784bc187d3ca31114c1461c7c3c20?rik=TCflKvsBsBpSyw&riu=http%3a%2f%2fthebatmanuniverse.net%2fwp-content%2fuploads%2f2018%2f04%2fdc-logo.jpg&ehk=9QBryoGg8QikgHqgU%2fwTzjmk9%2b2ZG8h8KneaVWk6nq8%3d&risl=&pid=ImgRaw&r=0"
          width="30"
        />
      </a>
      <a
        className="nav-item nav-link "
        href="/search"
        onClick={[Function]}
      >
        Search
      </a>
    </div>
  </div>
  <div
    className="navbar-collapse collapse w-100 order-3 dual-collapse2 d-flex justify-content-end"
  >
    <ul
      className="navbar-nav ml-auto"
    >
      <span
        className="nav-item nav-link text-info"
      >
        Pedro
      </span>
      <button
        className="nav-item nav-link btn"
        onClick={[Function]}
      >
        Fly out of here
      </button>
    </ul>
  </div>
</nav>
`;
